[global-smm.com/index.html]
[cdn.mypanel.link/l1n66r/cedauda3ot5utsha.jpg]
[backblue.gif]
[fade.gif]
[index.html]
[app.getbeamer.com/js/beamer-embed.1.delayed]
[mc.yandex.ru/metrika/tag.js]
[site-assets.fontawesome.com/releases/v6.1.1/css/all.css]
[smmdesign.shop/globalsmm/assets/css/stylenewb9d6.css]
[global-smm.com/services.html]
[global-smm.com/api.html]
[global-smm.com/blog.html]
[global-smm.com/signup.html]
[global-smm.com/resetpassword.html]
[smmdesign.shop/globalsmm/assets/img/lines1.png]
[smmdesign.shop/globalsmm/assets/img/left-1.png]
[smmdesign.shop/globalsmm/assets/img/thre.png]
[smmdesign.shop/globalsmm/assets/img/two.png]
[smmdesign.shop/globalsmm/assets/img/one.png]
[smmdesign.shop/globalsmm/assets/img/four.png]
[smmdesign.shop/globalsmm/assets/pay/visa.png]
[smmdesign.shop/globalsmm/assets/pay/visaw.png]
[smmdesign.shop/globalsmm/assets/pay/qiwi.png]
[smmdesign.shop/globalsmm/assets/pay/yoomoney.png]
[smmdesign.shop/globalsmm/assets/pay/yoomoneyw.png]
[smmdesign.shop/globalsmm/assets/pay/advcash.png]
[smmdesign.shop/globalsmm/assets/pay/advcashw.png]
[smmdesign.shop/globalsmm/assets/pay/payeer.png]
[smmdesign.shop/globalsmm/assets/pay/payeerw.png]
[smmdesign.shop/globalsmm/assets/pay/epay.png]
[smmdesign.shop/globalsmm/assets/pay/epayw.png]
[smmdesign.shop/globalsmm/assets/pay/perfect.png]
[smmdesign.shop/globalsmm/assets/pay/btc.png]
[smmdesign.shop/globalsmm/assets/pay/btcw.png]
[smmdesign.shop/globalsmm/assets/pay/ltc.png]
[smmdesign.shop/globalsmm/assets/pay/eth.png]
[smmdesign.shop/globalsmm/assets/pay/ethw.png]
[smmdesign.shop/globalsmm/assets/pay/bch.png]
[smmdesign.shop/globalsmm/assets/pay/Shiba.png]
[smmdesign.shop/globalsmm/assets/pay/Shibaw.png]
[smmdesign.shop/globalsmm/assets/pay/DogeCoin.png]
[smmdesign.shop/globalsmm/assets/pay/DogeCoinw.png]
[smmdesign.shop/globalsmm/assets/pay/tron.png]
[smmdesign.shop/globalsmm/assets/pay/tronw.png]
[smmdesign.shop/globalsmm/assets/pay/dash.png]
[smmdesign.shop/globalsmm/assets/pay/monero.png]
[smmdesign.shop/globalsmm/assets/pay/monerow.png]
[smmdesign.shop/globalsmm/assets/pay/binance.png]
[smmdesign.shop/globalsmm/assets/pay/CM.png]
[smmdesign.shop/globalsmm/assets/pay/CMw.png]
[smmdesign.shop/globalsmm/assets/pay/usdt.png]
[smmdesign.shop/globalsmm/assets/pay/usdtw.png]
[smmdesign.shop/globalsmm/assets/pay/bpay.png]
[smmdesign.shop/globalsmm/assets/pay/bpayw.png]
[global-smm.com/terms.html]
[global-smm.com/privacy.html]
[global-smm.com/refound.html]
[global-smm.com/faq.html]
[cdn.mypanel.link/libs/jquery/1.12.4/jquery.min.js]
[cdn.mypanel.link/global/cflcci28nes0yhln.js]
[cdn.mypanel.link/global/t3u8bszy7ju8y8or.js]
[cdn.mypanel.link/global/oor0gfnm6a7rec3u.js]
[cdn.mypanel.link/global/6f53bqzjdtdqi8x3.js]
[cdn.mypanel.link/global/x8eo1d0qmu03i9qb.js]
[cdn.mypanel.link/global/uhohtu8h9481o97b.js]
[cdn.mypanel.link/global/xzowx069ijjk2r8p.js]
[smmdesign.shop/paneltop/assets/js/vendors/jquery-3.6.0.min.js]
[smmdesign.shop/globalsmm/assets/js/bundle.js]
[global-smm.com/index.html]
[app.getbeamer.com/js/beamer-embed.html]
[smmdesign.shop/globalsmm/assets/js/scripts.js]
[smmdesign.shop/globalsmm/assets/images/mask/mask-circle-1.png]
[smmdesign.shop/globalsmm/assets/images/mask/mask-circle-2.png]
[smmdesign.shop/globalsmm/assets/images/mask/mask-circle-3.png]
[smmdesign.shop/globalsmm/assets/images/mask/mask-bg-1.png]
[smmdesign.shop/globalsmm/assets/images/mask/mask-circle-4-a.png]
[smmdesign.shop/globalsmm/assets/images/mask/mask-circle-4-b.png]
[smmdesign.shop/globalsmm/assets/images/mask/mask-layer-1.png]
[smmdesign.shop/globalsmm/assets/img/bgheadl.jpg]
[smmdesign.shop/globalsmm/assets/img/bghead.jpg]
[smmdesign.shop/globalsmm/assets/images/inside-pages/bg/landing-bg.4a.delayed]
[smmdesign.shop/globalsmm/assets/images/blur/d.png]
[smmdesign.shop/globalsmm/assets/images/blur/c.png]
[smmdesign.shop/globalsmm/assets/images/shape/geo-2.png]
[smmdesign.shop/globalsmm/assets/images/shape/geo-1.png]
[smmdesign.shop/globalsmm/assets/images/shape/b.png]
[smmdesign.shop/globalsmm/assets/images/inside-pages/bg/fintech-banner-bg.png]
[smmdesign.shop/globalsmm/assets/images/inside-pages/bg/podcast-banner-bg.png]
[smmdesign.shop/globalsmm/assets/images/mask/waves-bg.png]
[smmdesign.shop/globalsmm/assets/images/mask/waves-bg-1.png]
[smmdesign.shop/globalsmm/assets/images/mask/skew-banner-1.png]
[smmdesign.shop/globalsmm/assets/images/inside-pages/bg/world-map.png]
[smmdesign.shop/globalsmm/assets/images/inside-pages/bg/codebase-banner-bg.png]
[smmdesign.shop/globalsmm/assets/images/shape/c1.png]
[smmdesign.shop/globalsmm/assets/images/shape/b1.png]
[smmdesign.shop/globalsmm/assets/images/shape/k.png]
[smmdesign.shop/globalsmm/assets/images/shape/y.png]
[smmdesign.shop/globalsmm/assets/images/shape/z.png]
[smmdesign.shop/globalsmm/assets/images/inside-pages/bg/green-tech-cta-bg.png]
[smmdesign.shop/globalsmm/assets/images/inside-pages/objects/object-2.png]
[smmdesign.shop/globalsmm/assets/images/inside-pages/objects/object-1.png]
[smmdesign.shop/globalsmm/assets/images/inside-pages/bg/live-chat-cta-bg.png]
[smmdesign.shop/globalsmm/assets/images/blur/cta-podcast-blur-1.png]
[smmdesign.shop/globalsmm/assets/images/blur/cta-podcast-blur-2.png]
[smmdesign.shop/globalsmm/assets/images/mask/mask-body-1.png]
[smmdesign.shop/globalsmm/assets/images/line/a.png]
[smmdesign.shop/globalsmm/assets/images/line/b.png]
[smmdesign.shop/globalsmm/assets/images/line/c.png]
[smmdesign.shop/globalsmm/assets/images/blur/a.png]
[smmdesign.shop/globalsmm/assets/images/blur/b.png]
[smmdesign.shop/globalsmm/assets/images/blur/f.png]
[smmdesign.shop/globalsmm/assets/images/blur/g.png]
[smmdesign.shop/globalsmm/assets/images/blur/h.png]
[smmdesign.shop/globalsmm/assets/images/blur/blur-9-b.png]
[smmdesign.shop/globalsmm/assets/images/blur/blur-9-d.png]
[smmdesign.shop/globalsmm/assets/images/blur/codebase-blur-1.png]
[smmdesign.shop/globalsmm/assets/images/shape/a.png]
[smmdesign.shop/globalsmm/assets/images/shape/c.png]
[smmdesign.shop/globalsmm/assets/images/shape/d.png]
[smmdesign.shop/globalsmm/assets/images/inside-pages/bg/tool-bg-1-b.png]
[smmdesign.shop/globalsmm/assets/images/inside-pages/bg/podcast-shape-bg.png]
[smmdesign.shop/globalsmm/assets/images/shape/e.png]
[smmdesign.shop/globalsmm/assets/images/shape/f.png]
[smmdesign.shop/globalsmm/assets/images/shape/g.png]
[smmdesign.shop/globalsmm/assets/images/shape/l.png]
[smmdesign.shop/globalsmm/assets/images/shape/m.png]
[smmdesign.shop/globalsmm/assets/images/shape/n.png]
[smmdesign.shop/globalsmm/assets/images/shape/o.png]
[smmdesign.shop/globalsmm/assets/images/shape/p.png]
[smmdesign.shop/globalsmm/assets/images/shape/r.png]
[smmdesign.shop/globalsmm/assets/images/shape/s.png]
[smmdesign.shop/globalsmm/assets/images/shape/t.png]
[smmdesign.shop/globalsmm/assets/images/shape/u.png]
[smmdesign.shop/globalsmm/assets/images/shape/v.png]
[smmdesign.shop/globalsmm/assets/images/shape/w.png]
[smmdesign.shop/globalsmm/assets/images/shape/x.png]
[smmdesign.shop/globalsmm/assets/images/shape/f1.png]
[smmdesign.shop/globalsmm/assets/images/shape/g1.png]
[smmdesign.shop/globalsmm/assets/images/quote/b.png]
[smmdesign.shop/globalsmm/assets/images/quote/c.png]
[smmdesign.shop/globalsmm/assets/images/quote/d.png]
[smmdesign.shop/globalsmm/assets/images/quote/e.png]
[smmdesign.shop/globalsmm/assets/images/quote/quote-red-1.png]
[smmdesign.shop/globalsmm/assets/images/quote/quote-red-2.png]
[smmdesign.shop/globalsmm/assets/images/shape/h1.png]
[smmdesign.shop/globalsmm/assets/images/shape/i1.png]
[smmdesign.shop/globalsmm/assets/images/shape/j1.png]
[smmdesign.shop/globalsmm/assets/images/shape/o1.png]
[smmdesign.shop/globalsmm/assets/images/shape/dots-col-17.png]
[smmdesign.shop/globalsmm/assets/images/shape/waves-7.png]
[smmdesign.shop/globalsmm/assets/images/shape/dots-col-18.png]
[smmdesign.shop/globalsmm/assets/images/shape/dots-row-14.png]
[smmdesign.shop/globalsmm/assets/images/inside-pages/bg/coaching-service-bg-shape-blue-a.png]
[smmdesign.shop/globalsmm/assets/images/inside-pages/bg/coaching-service-bg-shape-blue-b.png]
[smmdesign.shop/globalsmm/assets/images/inside-pages/bg/coaching-service-bg-shape-red-a.png]
[smmdesign.shop/globalsmm/assets/images/inside-pages/bg/coaching-service-bg-shape-red-b.png]
[smmdesign.shop/globalsmm/assets/images/mask/mask-line-2.png]
[smmdesign.shop/globalsmm/assets/images/inside-pages/bg/cta-cover-1.png]
[smmdesign.shop/globalsmm/assets/images/inside-pages/bg/business-consulting-cta-bg.png]
[smmdesign.shop/globalsmm/assets/images/inside-pages/bg/bg-circle-1.png]
[smmdesign.shop/globalsmm/assets/images/quote/a.png]
[smmdesign.shop/globalsmm/assets/images/shape/q.png]
[smmdesign.shop/globalsmm/assets/images/mask/mask-line-1.png]
[smmdesign.shop/globalsmm/assets/images/shape/k1.png]
[smmdesign.shop/globalsmm/assets/images/shape/l1.png]
[smmdesign.shop/globalsmm/assets/images/shape/m1.png]
[smmdesign.shop/globalsmm/assets/images/shape/n1.png]
[smmdesign.shop/globalsmm/assets/img/title-overlay.png]
[cdn.smmspot.net/asmm1st/assets/img/login/lgc-1.png]
[smmdesign.shop/globalsmm/assets/css/stylenewb9d6.css]
[site-assets.fontawesome.com/releases/v6.1.1/css/all.css]
[global-smm.com/services.html]
[global-smm.com/api.html]
[global-smm.com/example.html]
[cdn.mypanel.link/l1n66r/al9quyk091c61ous.png]
[global-smm.com/blog/bettervisibilitywithpremiummemberstelegram.html]
[smmdesign.shop/globalsmm/cabinet/photo.png]
[cdn.mypanel.link/l1n66r/aul4x71hx4b83cy4.png]
[global-smm.com/blog/promoteyourchannelwithtelegrampremiumservices.html]
[cdn.mypanel.link/l1n66r/yy5a3io9u258i0ln.png]
[global-smm.com/blog/easypromotionwithpremiummemberstelegram.html]
[cdn.mypanel.link/l1n66r/msm79xzs9tkt9eab.png]
[global-smm.com/blog/howtoboostachannelwithpremiummemberstelegram.html]
[cdn.mypanel.link/l1n66r/o6d2po8sga6m4nmk.png]
[global-smm.com/blog/howtobuypremiummemberstelegramtogetnoticed.html]
[cdn.mypanel.link/l1n66r/7csqxaecpz5qpchy.png]
[global-smm.com/blog/gettoppromotionwithpremiummemberstelegram.html]
[cdn.mypanel.link/l1n66r/5ieydmx96q3u2wz1.png]
[global-smm.com/blog/whatisthebestplacetobuypremiummemberstelegram.html]
[cdn.mypanel.link/l1n66r/14rasej12tyxuy5s.png]
[global-smm.com/blog/premiummemberstelegramandotherqualityservices.html]
[cdn.mypanel.link/l1n66r/p00atka36cou1or5.png]
[global-smm.com/blog/benefitfromcheappremiummemberstelegram.html]
[cdn.mypanel.link/l1n66r/h0yzsbc2ghs8ar5o.png]
[global-smm.com/blog/guideonhowtobuypremiummembersfortelegram.html]
[global-smm.com/blog4658.html]
[global-smm.com/blog9ba9.html]
[global-smm.com/blogfdb0.html]
[global-smm.com/blogaf4d.html]
[global-smm.com/blogc575.html]
[global-smm.com/blog.html]
[global-smm.com/blog235c.html]
[smmdesign.shop/globalsmm/assets/img/reg.png]
[www.google.com/recaptcha/apifef7.js]
[global-smm.com/signup.html]
[global-smm.com/resetpassword.html]
[global-smm.com/terms.html]
[global-smm.com/privacy.html]
[global-smm.com/refound.html]
[global-smm.com/faq.html]
[smmdesign.shop/globalsmm/assets/images/mask/mask-circle-1.html]
[smmdesign.shop/globalsmm/assets/images/mask/mask-circle-2.html]
[smmdesign.shop/globalsmm/assets/images/mask/mask-circle-3.html]
[smmdesign.shop/globalsmm/assets/images/mask/mask-bg-1.html]
[smmdesign.shop/globalsmm/assets/images/mask/mask-circle-4-a.html]
[smmdesign.shop/globalsmm/assets/images/mask/mask-circle-4-b.html]
[smmdesign.shop/globalsmm/assets/images/mask/mask-layer-1.html]
[smmdesign.shop/globalsmm/assets/images/inside-pages/bg/landing-bg.html]
[smmdesign.shop/globalsmm/assets/images/blur/d.html]
[smmdesign.shop/globalsmm/assets/images/blur/c.html]
[smmdesign.shop/globalsmm/assets/images/shape/geo-2.html]
[smmdesign.shop/globalsmm/assets/images/shape/geo-1.html]
[smmdesign.shop/globalsmm/assets/images/shape/b.html]
[smmdesign.shop/globalsmm/assets/images/inside-pages/bg/fintech-banner-bg.html]
[smmdesign.shop/globalsmm/assets/images/inside-pages/bg/podcast-banner-bg.html]
[smmdesign.shop/globalsmm/assets/images/mask/waves-bg.html]
[smmdesign.shop/globalsmm/assets/images/mask/waves-bg-1.html]
[smmdesign.shop/globalsmm/assets/images/mask/skew-banner-1.html]
[smmdesign.shop/globalsmm/assets/images/inside-pages/bg/world-map.html]
[smmdesign.shop/globalsmm/assets/images/inside-pages/bg/codebase-banner-bg.html]
[smmdesign.shop/globalsmm/assets/images/shape/c1.html]
[smmdesign.shop/globalsmm/assets/images/shape/b1.html]
[smmdesign.shop/globalsmm/assets/images/shape/k.html]
[smmdesign.shop/globalsmm/assets/images/shape/y.html]
[smmdesign.shop/globalsmm/assets/images/shape/z.html]
[smmdesign.shop/globalsmm/assets/images/inside-pages/bg/green-tech-cta-bg.html]
[smmdesign.shop/globalsmm/assets/images/inside-pages/objects/object-2.html]
[smmdesign.shop/globalsmm/assets/images/inside-pages/objects/object-1.html]
[smmdesign.shop/globalsmm/assets/images/inside-pages/bg/live-chat-cta-bg.html]
[smmdesign.shop/globalsmm/assets/images/blur/cta-podcast-blur-1.html]
[smmdesign.shop/globalsmm/assets/images/blur/cta-podcast-blur-2.html]
[smmdesign.shop/globalsmm/assets/images/mask/mask-body-1.html]
[smmdesign.shop/globalsmm/assets/images/line/a.html]
[smmdesign.shop/globalsmm/assets/images/line/b.html]
[smmdesign.shop/globalsmm/assets/images/line/c.html]
[smmdesign.shop/globalsmm/assets/images/blur/a.html]
[smmdesign.shop/globalsmm/assets/images/blur/b.html]
[smmdesign.shop/globalsmm/assets/images/blur/f.html]
[smmdesign.shop/globalsmm/assets/images/blur/g.html]
[smmdesign.shop/globalsmm/assets/images/blur/h.html]
[smmdesign.shop/globalsmm/assets/images/blur/blur-9-b.html]
[smmdesign.shop/globalsmm/assets/images/blur/blur-9-d.html]
[smmdesign.shop/globalsmm/assets/images/blur/codebase-blur-1.html]
[smmdesign.shop/globalsmm/assets/images/shape/a.html]
[smmdesign.shop/globalsmm/assets/images/shape/c.html]
[smmdesign.shop/globalsmm/assets/images/shape/d.html]
[smmdesign.shop/globalsmm/assets/images/inside-pages/bg/tool-bg-1-b.html]
[smmdesign.shop/globalsmm/assets/images/inside-pages/bg/podcast-shape-bg.html]
[smmdesign.shop/globalsmm/assets/images/shape/e.html]
[smmdesign.shop/globalsmm/assets/images/shape/f.html]
[smmdesign.shop/globalsmm/assets/images/shape/g.html]
[smmdesign.shop/globalsmm/assets/images/shape/l.html]
[smmdesign.shop/globalsmm/assets/images/shape/m.html]
[smmdesign.shop/globalsmm/assets/images/shape/n.html]
[smmdesign.shop/globalsmm/assets/images/shape/o.html]
[smmdesign.shop/globalsmm/assets/images/shape/p.html]
[smmdesign.shop/globalsmm/assets/images/shape/r.html]
[smmdesign.shop/globalsmm/assets/images/shape/s.html]
[smmdesign.shop/globalsmm/assets/images/shape/t.html]
[smmdesign.shop/globalsmm/assets/images/shape/u.html]
[smmdesign.shop/globalsmm/assets/images/shape/v.html]
[smmdesign.shop/globalsmm/assets/images/shape/w.html]
[smmdesign.shop/globalsmm/assets/images/shape/x.html]
[smmdesign.shop/globalsmm/assets/images/shape/f1.html]
[smmdesign.shop/globalsmm/assets/images/shape/g1.html]
[smmdesign.shop/globalsmm/assets/images/quote/b.html]
[smmdesign.shop/globalsmm/assets/images/quote/c.html]
[smmdesign.shop/globalsmm/assets/images/quote/d.html]
[smmdesign.shop/globalsmm/assets/images/quote/e.html]
[smmdesign.shop/globalsmm/assets/images/quote/quote-red-1.html]
[smmdesign.shop/globalsmm/assets/images/quote/quote-red-2.html]
[smmdesign.shop/globalsmm/assets/images/shape/h1.html]
[smmdesign.shop/globalsmm/assets/images/shape/i1.html]
[smmdesign.shop/globalsmm/assets/images/shape/j1.html]
[smmdesign.shop/globalsmm/assets/images/shape/o1.html]
[smmdesign.shop/globalsmm/assets/images/shape/dots-col-17.html]
[smmdesign.shop/globalsmm/assets/images/shape/waves-7.html]
[smmdesign.shop/globalsmm/assets/images/shape/dots-col-18.html]
[smmdesign.shop/globalsmm/assets/images/shape/dots-row-14.html]
[smmdesign.shop/globalsmm/assets/images/inside-pages/bg/coaching-service-bg-shape-blue-a.html]
[smmdesign.shop/globalsmm/assets/images/inside-pages/bg/coaching-service-bg-shape-blue-b.html]
[smmdesign.shop/globalsmm/assets/images/inside-pages/bg/coaching-service-bg-shape-red-a.html]
[smmdesign.shop/globalsmm/assets/images/inside-pages/bg/coaching-service-bg-shape-red-b.html]
[smmdesign.shop/globalsmm/assets/images/mask/mask-line-2.html]
[smmdesign.shop/globalsmm/assets/images/inside-pages/bg/cta-cover-1.html]
[smmdesign.shop/globalsmm/assets/images/inside-pages/bg/business-consulting-cta-bg.html]
[smmdesign.shop/globalsmm/assets/images/inside-pages/bg/bg-circle-1.html]
[smmdesign.shop/globalsmm/assets/images/quote/a.html]
[smmdesign.shop/globalsmm/assets/images/shape/q.html]
[smmdesign.shop/globalsmm/assets/images/mask/mask-line-1.html]
[smmdesign.shop/globalsmm/assets/images/shape/k1.html]
[smmdesign.shop/globalsmm/assets/images/shape/l1.html]
[smmdesign.shop/globalsmm/assets/images/shape/m1.html]
[smmdesign.shop/globalsmm/assets/images/shape/n1.html]
[global-smm.com/example.html]
[global-smm.com/blog/bettervisibilitywithpremiummemberstelegram.html]
[global-smm.com/blog/promoteyourchannelwithtelegrampremiumservices.html]
[global-smm.com/blog/easypromotionwithpremiummemberstelegram.html]
[global-smm.com/blog/howtoboostachannelwithpremiummemberstelegram.html]
[global-smm.com/blog/howtobuypremiummemberstelegramtogetnoticed.html]
[global-smm.com/blog/gettoppromotionwithpremiummemberstelegram.html]
[global-smm.com/blog/whatisthebestplacetobuypremiummemberstelegram.html]
[global-smm.com/blog/premiummemberstelegramandotherqualityservices.html]
[global-smm.com/blog/benefitfromcheappremiummemberstelegram.html]
[global-smm.com/blog/guideonhowtobuypremiummembersfortelegram.html]
[cdn.mypanel.link/l1n66r/6nl3b38e1tupdzib.png]
[global-smm.com/blog/learnwheretobuypremiummemberstelegram.html]
[cdn.mypanel.link/l1n66r/6j3bx6krz7tgr4gb.png]
[global-smm.com/blog/unlockchannelstorieswithpremiummemberstelegram.html]
[cdn.mypanel.link/l1n66r/eanbx3qbgrh7qilk.png]
[global-smm.com/blog/guideonhowtobuytelegrampremiumfollowers.html]
[cdn.mypanel.link/l1n66r/5l0d3ddy6txzahdd.png]
[global-smm.com/blog/getpremiummemberstelegramforacheapprice.html]
[cdn.mypanel.link/l1n66r/1qhe6m425eieazzc.png]
[global-smm.com/blog/whyyoushouldbuypremiummembersfortelegram.html]
[cdn.mypanel.link/l1n66r/y7ylejcr5je567tx.png]
[global-smm.com/blog/buypremiummemberstelegramandgetquickbenefit.html]
[cdn.mypanel.link/l1n66r/qb8c0h8gdqcwcb1f.png]
[global-smm.com/blog/whybuypremiummemberstelegramrightnow.html]
[cdn.mypanel.link/l1n66r/bdgmpigrnpds8hkb.png]
[global-smm.com/blog/howtobuypremiummemberstelegramcheap.html]
[cdn.mypanel.link/l1n66r/49ea12u4anbux9lu.png]
[global-smm.com/blog/gettingpremiummemberstelegramforpromotion.html]
[cdn.mypanel.link/l1n66r/y988az6hodk5rha6.png]
[global-smm.com/blog4658.html]
[global-smm.com/blog/howtogetpremiummemberstelegramforyourchannel.html]
[cdn.mypanel.link/l1n66r/0r7j58xulea3j0qr.png]
[global-smm.com/blog/getpremiummemberstelegramfromacheapsmmpanel.html]
[cdn.mypanel.link/l1n66r/jksmyf8gh4kcg8gr.png]
[global-smm.com/blog/enablestorieswithpremiummemberstelegram.html]
[cdn.mypanel.link/l1n66r/on3gw5hp3ob3yx5a.png]
[global-smm.com/blog/getthebestpromotionofyourtelegramchannel.html]
[cdn.mypanel.link/l1n66r/flzfyfmr73x4b7kn.png]
[global-smm.com/blog/premiummemberstelegramfromareliablesmmpanel.html]
[cdn.mypanel.link/l1n66r/4hs44b96tj64zlgr.png]
[global-smm.com/blog/wheretobuypremiumservicesfortelegram.html]
[cdn.mypanel.link/l1n66r/ia5oe0e5rme7xli2.png]
[global-smm.com/blog/wheretobuypremiummemberstelegram.html]
[cdn.mypanel.link/l1n66r/rtxwgkeue8j63ctp.png]
[global-smm.com/blog/newgrowthstrategyforinstagram.html]
[cdn.mypanel.link/l1n66r/855i3moo9i9pxdo5.png]
[global-smm.com/blog/howtogettelegrammembers.html]
[cdn.mypanel.link/l1n66r/facxnkbqd60bgj4f.png]
[global-smm.com/blog/10waystogetmoreinstagramlikes.html]
[cdn.mypanel.link/l1n66r/b2w0sie6rt77wmoo.png]
[global-smm.com/blog9ba9.html]
[global-smm.com/blog/howtogrowtelegramchannel.html]
[cdn.mypanel.link/l1n66r/xo0axfuqk7lh2l7z.png]
[global-smm.com/blog/howtocreateanattractivebioforinstagram.html]
[cdn.mypanel.link/l1n66r/800zwqm6a9mz4bax.png]
[global-smm.com/blog/5stepstogetmoretelegrammembers.html]
[cdn.mypanel.link/l1n66r/xybn8nq2iyfx61qc.png]
[global-smm.com/blog/howtoappearfirstonglobaltelegramsearch.html]
[cdn.mypanel.link/l1n66r/808ph37ykpm9xomj.png]
[global-smm.com/blog/7mistakesthateverytelegramchannelownermakes.html]
[cdn.mypanel.link/l1n66r/3e5oae842lyork9z.png]
[global-smm.com/blog/6reasonswhyyourchannelwontgrow.html]
[cdn.mypanel.link/l1n66r/br8gwery9tqw8x5w.png]
[global-smm.com/blog/ultimateguidetogetmoretelegrammembers.html]
[cdn.mypanel.link/l1n66r/29gjmbpfydr1o7dg.png]
[global-smm.com/blog/4waystogetsubscribersfortelegramchannel.html]
[cdn.mypanel.link/l1n66r/bc8fxdirw6xfxwys.png]
[global-smm.com/blog/getmoretelegrampostviewswiththeseideas.html]
[cdn.mypanel.link/l1n66r/cspzh5soxoklln9b.png]
[global-smm.com/blog/createengagingcontentandgetmoretelegrammembers.html]
[cdn.mypanel.link/l1n66r/5n1ow0k34az26uf5.png]
[global-smm.com/blogfdb0.html]
[global-smm.com/blog/typesofcontentforatelegramchannel.html]
[cdn.mypanel.link/l1n66r/nzi8b7a5mf8yjue3.png]
[global-smm.com/blog/6methodstogetmoretelegrammembers.html]
[cdn.mypanel.link/l1n66r/w7w7kx6xx9y15khp.png]
[global-smm.com/blog/howtogrowontelegramwithsmmserviceprovider.html]
[cdn.mypanel.link/l1n66r/8ty43h4ky0xqrzrb.png]
[global-smm.com/blog/attractattentiontoatelegramchannelwithsmmfollowers.html]
[cdn.mypanel.link/l1n66r/qmfq8yku3z0z4rfn.png]
[global-smm.com/blog/mostcommonmistakesoninstagram.html]
[cdn.mypanel.link/l1n66r/pn68adqo8wkf4cyw.png]
[global-smm.com/blog/9tacticstogetmorefollowersoninstagram.html]
[cdn.mypanel.link/l1n66r/rdy1pe0sgmru7g5a.png]
[global-smm.com/blog/howtogetmorefollowersoninstagramwithstories.html]
[cdn.mypanel.link/l1n66r/o75hydt3n93zax05.png]
[global-smm.com/blog/howpromoteyourblogandgetsubscribersfortelegramchannel.html]
[cdn.mypanel.link/l1n66r/7p1zi8cnf7rf53ss.png]
[global-smm.com/blog/ideastoincreasefollowersoninstagram.html]
[cdn.mypanel.link/l1n66r/58i45oby9we2ecp8.png]
[global-smm.com/blog/howtogetthousandssmmfollowersontelegram.html]
[cdn.mypanel.link/l1n66r/qsalybn4q25wltlc.png]
[global-smm.com/blog/6reasonstousesmmservicepanel.html]
[global-smm.com/blogaf4d.html]
[global-smm.com/blogfdfa.html]
[cdn.mypanel.link/l1n66r/u33se5g2ag4p6lbe.png]
[global-smm.com/blog/allnewwaystogainmoretelegrammembers.html]
[cdn.mypanel.link/l1n66r/7gkchlazg85o1a86.png]
[global-smm.com/blog/chooseareliableservicetobuytelegrammembers.html]
[cdn.mypanel.link/l1n66r/0yygxuke4mh7rz7z.png]
[global-smm.com/blog/newsmmservicesthatwillboostatelegramchannel.html]
[cdn.mypanel.link/l1n66r/sq56waca7ucc78w4.png]
[global-smm.com/blog/attractmorefollowerswiththesetelegramposttitles.html]
[cdn.mypanel.link/l1n66r/zy3g99gxc2h59e2f.png]
[global-smm.com/blog/7strategiestogrowoninstagram.html]
[cdn.mypanel.link/l1n66r/l9xn3srdt0glsix2.png]
[global-smm.com/blog/7goldenrulesofsuccessfultelegramchannel.html]
[cdn.mypanel.link/l1n66r/m63iafxx65g7a2fo.png]
[global-smm.com/blog/boostyouraccountwithinstagramsmmpanel.html]
[cdn.mypanel.link/l1n66r/c448aeg1apiemf17.png]
[global-smm.com/blog/mainfeaturesofanengagingtelegrampost.html]
[cdn.mypanel.link/l1n66r/nhdmpm0actxganad.png]
[global-smm.com/blog/whyusesmmservicepanelforinstagram.html]
[cdn.mypanel.link/l1n66r/gqrrm8cte62xljt4.png]
[global-smm.com/blog/whyyouneedtousetelegrampanel.html]
[global-smm.com/blogc575.html]
[global-smm.com/blog0b08.html]
[cdn.mypanel.link/l1n66r/ws2k94sidwa105mb.png]
[global-smm.com/blog/7tipstopromoteaninstagramaccount.html]
[cdn.mypanel.link/l1n66r/d9szehinzql5o1hi.png]
[global-smm.com/blog/whichmethodstoincreasetelegrammemberswork.html]
[cdn.mypanel.link/l1n66r/u5dohdnr41n9ekz6.png]
[global-smm.com/blog/7reasonstostartyourtelegramchannel.html]
[cdn.mypanel.link/l1n66r/egk2k6njueydjh0n.png]
[global-smm.com/blog/reasonswhyyoudontgettelegrammembers.html]
[cdn.mypanel.link/l1n66r/g54lcz9l1jhfuh8c.png]
[global-smm.com/blog/topideasforatelegramchannel-1.html]
[cdn.mypanel.link/l1n66r/1qk3fqftamixjzs3.png]
[global-smm.com/blog/beforeyoubuytelegrammembers.html]
[cdn.mypanel.link/l1n66r/ek5t214y94rx1urp.png]
[global-smm.com/blog/howhashtagscanhelpyougetmorefollowers.html]
[cdn.mypanel.link/l1n66r/2h7nlubr5yyks8uo.png]
[global-smm.com/blog/howtoimprovestoriesoninstagram.html]
[cdn.mypanel.link/l1n66r/0gppj38y8uwj2e7h.png]
[global-smm.com/blog/howtoincreasetelegrammembers.html]
[cdn.mypanel.link/l1n66r/51owfi9l6ma9z4fp.png]
[global-smm.com/blog/hownottolosetelegramchannelmembers.html]
[global-smm.com/blog235c.html]
[global-smm.com/blog/learnwheretobuypremiummemberstelegram.html]
[global-smm.com/blog/unlockchannelstorieswithpremiummemberstelegram.html]
[global-smm.com/blog/guideonhowtobuytelegrampremiumfollowers.html]
[global-smm.com/blog/getpremiummemberstelegramforacheapprice.html]
[global-smm.com/blog/whyyoushouldbuypremiummembersfortelegram.html]
[global-smm.com/blog/buypremiummemberstelegramandgetquickbenefit.html]
[global-smm.com/blog/whybuypremiummemberstelegramrightnow.html]
[global-smm.com/blog/howtobuypremiummemberstelegramcheap.html]
[global-smm.com/blog/gettingpremiummemberstelegramforpromotion.html]
[global-smm.com/blog/howtogetpremiummemberstelegramforyourchannel.html]
[global-smm.com/blog/getpremiummemberstelegramfromacheapsmmpanel.html]
[global-smm.com/blog/enablestorieswithpremiummemberstelegram.html]
[global-smm.com/blog/getthebestpromotionofyourtelegramchannel.html]
[global-smm.com/blog/premiummemberstelegramfromareliablesmmpanel.html]
[global-smm.com/blog/wheretobuypremiumservicesfortelegram.html]
[global-smm.com/blog/wheretobuypremiummemberstelegram.html]
[global-smm.com/blog/newgrowthstrategyforinstagram.html]
[global-smm.com/blog/howtogettelegrammembers.html]
[global-smm.com/blog1448.html]
[global-smm.com/free-trial]
[global-smm.com/blog/10waystogetmoreinstagramlikes.html]
[global-smm.com/blog/howtogrowtelegramchannel.html]
[global-smm.com/blog/howtocreateanattractivebioforinstagram.html]
[global-smm.com/blog/5stepstogetmoretelegrammembers.html]
[global-smm.com/blog/top-ideas-for-a-telegram-channel]
[global-smm.com/blog/top-ideas-for-telegram-channel]
[global-smm.com/blog/howtoappearfirstonglobaltelegramsearch.html]
[global-smm.com/blog/9-beginnings-for-a-catchy-post-on-instagram]
[global-smm.com/blog/7mistakesthateverytelegramchannelownermakes.html]
[global-smm.com/blog/6reasonswhyyourchannelwontgrow.html]
[global-smm.com/blog/ultimateguidetogetmoretelegrammembers.html]
[global-smm.com/blog/4waystogetsubscribersfortelegramchannel.html]
[global-smm.com/blog/getmoretelegrampostviewswiththeseideas.html]
[global-smm.com/blog/createengagingcontentandgetmoretelegrammembers.html]
[global-smm.com/blog/typesofcontentforatelegramchannel.html]
[global-smm.com/blog/6methodstogetmoretelegrammembers.html]
[global-smm.com/blog/howtogrowontelegramwithsmmserviceprovider.html]
[global-smm.com/blog/attractattentiontoatelegramchannelwithsmmfollowers.html]
[global-smm.com/blog/mostcommonmistakesoninstagram.html]
[global-smm.com/blog/9tacticstogetmorefollowersoninstagram.html]
[global-smm.com/blog/why-do-you-suddenly-get-less-instagram-likes-since-2022]
[global-smm.com/blog/why-growing-without-smm-panel-is-impossible]
[global-smm.com/blog/howtogetmorefollowersoninstagramwithstories.html]
[global-smm.com/blog/howpromoteyourblogandgetsubscribersfortelegramchannel.html]
[global-smm.com/blog/ideastoincreasefollowersoninstagram.html]
[global-smm.com/blog/howtogetthousandssmmfollowersontelegram.html]
[global-smm.com/blog/6reasonstousesmmservicepanel.html]
[cdn.mypanel.link/l1n66r/mmf0irdyif8a0qle.png]
[global-smm.com/blog/howtocheatinstagramalgorithms.html]
[cdn.mypanel.link/l1n66r/o2qcqjt0k4l8squy.png]
[global-smm.com/blog/fiveupcominginstagramtrendsin2023.html]
[cdn.mypanel.link/l1n66r/aqw0dbqlqcpoliim.png]
[global-smm.com/blog/howtomakefollowersontelegramrecommendyourchannel.html]
[cdn.mypanel.link/l1n66r/h0poay3qmcut6qki.png]
[global-smm.com/blog/tricksoftelegrampromotion.html]
[cdn.mypanel.link/l1n66r/bsmcqb23ct07w0x4.png]
[global-smm.com/blog/rulesofpromotionwithaninstagramsmmpanel.html]
[cdn.mypanel.link/l1n66r/557oycr725zszjxs.png]
[global-smm.com/blog/howtooutsmartinstagramalgorithms.html]
[cdn.mypanel.link/l1n66r/x4dkqbur7pew4ags.png]
[global-smm.com/blog/questionsabouttelegramchannel.html]
[cdn.mypanel.link/l1n66r/gdyshlqp31eb81g1.png]
[global-smm.com/blog/7ideasfortelegramchannelposts.html]
[cdn.mypanel.link/l1n66r/2ay58qww9po6buxs.png]
[global-smm.com/blog/whattopostontelegramtogetfollowers.html]
[cdn.mypanel.link/l1n66r/dg5ul9lewwbulbmh.png]
[global-smm.com/blog/mistakesintelegramchannelpromotion.html]
[global-smm.com/blogfdfa.html]
[global-smm.com/blog/allnewwaystogainmoretelegrammembers.html]
[global-smm.com/blog/chooseareliableservicetobuytelegrammembers.html]
[global-smm.com/blog/newsmmservicesthatwillboostatelegramchannel.html]
[global-smm.com/blog/attractmorefollowerswiththesetelegramposttitles.html]
[global-smm.com/blog/7strategiestogrowoninstagram.html]
[global-smm.com/blog/7goldenrulesofsuccessfultelegramchannel.html]
[global-smm.com/blog/boostyouraccountwithinstagramsmmpanel.html]
[global-smm.com/blog/mainfeaturesofanengagingtelegrampost.html]
[global-smm.com/blog/whyusesmmservicepanelforinstagram.html]
[global-smm.com/blog1c8b.html]
[global-smm.com/blog/before-you-buy-telegram-members]
[global-smm.com/blog/whyyouneedtousetelegrampanel.html]
[cdn.mypanel.link/l1n66r/3b5t7hf81jcs306o.png]
[global-smm.com/blog/howtogetinstagramfollowersatacheapprice.html]
[cdn.mypanel.link/l1n66r/be6338je2jg9953r.png]
[global-smm.com/blog/whensmmpanelforinstagramcanhelpyou.html]
[cdn.mypanel.link/l1n66r/opr2pwcja2p55ftl.png]
[global-smm.com/blog/topideasforatelegramchannel.html]
[cdn.mypanel.link/l1n66r/fepx2kiie8h502fu.png]
[global-smm.com/blog/getmorefollowerswithaninstagramsmmpanel.html]
[cdn.mypanel.link/l1n66r/998pwhdkc5pdfdzg.png]
[global-smm.com/blog/8trickstoincreasetelegramfollowers.html]
[cdn.mypanel.link/l1n66r/7lq9pkfhqiqaqmde.png]
[global-smm.com/blog/gettelegramfollowersincreasewithrighttitles.html]
[cdn.mypanel.link/l1n66r/dlx74ot9sn9som7y.png]
[global-smm.com/blog/improveengagementoninstagramwithsmmservices.html]
[cdn.mypanel.link/l1n66r/6743op10x4133xwa.png]
[global-smm.com/blog/anewgrowthstrategyoninstagram.html]
[cdn.mypanel.link/l1n66r/a8ps82m2l4ukkp8l.png]
[global-smm.com/blog/topideastogetmorefollowerswithalowbudget.html]
[cdn.mypanel.link/l1n66r/0wnfk2isi8c42rs9.png]
[global-smm.com/blog/howtoboostinstagrampost.html]
[global-smm.com/blog0b08.html]
[global-smm.com/blog/7tipstopromoteaninstagramaccount.html]
[global-smm.com/blog/whichmethodstoincreasetelegrammemberswork.html]
[global-smm.com/blogce37.html]
[global-smm.com/blog/which-methods-to-increase-telegram-members-work]
[global-smm.com/blog/7reasonstostartyourtelegramchannel.html]
[global-smm.com/blog/6-methods-to-get-more-telegram-members]
[global-smm.com/blog/reasonswhyyoudontgettelegrammembers.html]
[global-smm.com/blog/8-steps-to-increase-telegram-channel-members]
[global-smm.com/blog/topideasforatelegramchannel-1.html]
[global-smm.com/blog/beforeyoubuytelegrammembers.html]
[global-smm.com/blog/howhashtagscanhelpyougetmorefollowers.html]
[global-smm.com/blog/howtoimprovestoriesoninstagram.html]
[global-smm.com/blog/howtoincreasetelegrammembers.html]
[global-smm.com/blog/hownottolosetelegramchannelmembers.html]
[cdn.mypanel.link/l1n66r/lsfuspjubzdqujn2.png]
[global-smm.com/blog/7mistakesontelegramthatwontaddfollowers.html]
[cdn.mypanel.link/l1n66r/llqfb6jtgat1alh7.png]
[global-smm.com/blog/whyinvestingintelegrampromotion.html]
[cdn.mypanel.link/l1n66r/5k2u2zo2nkrz2ifj.png]
[global-smm.com/blog/howtoincreasefollowersoninstagramwithinteractivegames.html]
[cdn.mypanel.link/l1n66r/w7lltw5wfm4tcewd.png]
[global-smm.com/blog/howtogetnon-dropfollowersoninstagram.html]
[cdn.mypanel.link/l1n66r/oxdm0e11yifpw4f2.png]
[global-smm.com/blog/howtoboostinstagramreach.html]
[cdn.mypanel.link/l1n66r/9anjuwrpdatib4dg.png]
[global-smm.com/blog/getmorememberswithonepost.html]
[cdn.mypanel.link/l1n66r/n22cg95uxhdfmtcx.png]
[global-smm.com/blog/7mythsaboutsmmpanelforinstagram.html]
[cdn.mypanel.link/l1n66r/w2gs3z01hi0aialj.png]
[global-smm.com/blog/9beginningsforacatchypostoninstagram.html]
[cdn.mypanel.link/l1n66r/1krmzfqoplwf6wtl.png]
[global-smm.com/blog/howtoboostactivityoninstagram.html]
[cdn.mypanel.link/l1n66r/9j8wxsuc6756dw88.png]
[global-smm.com/blog/dropofinstagramlikes.html]
[global-smm.com/blog1448.html]
[global-smm.com/free-trial.html]
[global-smm.com/blog/top-ideas-for-a-telegram-channel.html]
[global-smm.com/blog/top-ideas-for-telegram-channel.html]
[global-smm.com/blog/9-beginnings-for-a-catchy-post-on-instagram.html]
[global-smm.com/blog/why-do-you-suddenly-get-less-instagram-likes-since-2022.html]
[global-smm.com/blog/why-growing-without-smm-panel-is-impossible.html]
[global-smm.com/blog8c93.html]
[global-smm.com/blog/how-to-get-more-followers-on-instagram-with-stories]
[global-smm.com/blog/howtocheatinstagramalgorithms.html]
[global-smm.com/blog/fiveupcominginstagramtrendsin2023.html]
[global-smm.com/blog/howtomakefollowersontelegramrecommendyourchannel.html]
[global-smm.com/blog/why-investing-in-telegram-promotion]
[global-smm.com/blog/tricksoftelegrampromotion.html]
[global-smm.com/blog/rulesofpromotionwithaninstagramsmmpanel.html]
[global-smm.com/blog/most-profitable-niches-on-instagram]
[global-smm.com/blog/howtooutsmartinstagramalgorithms.html]
[global-smm.com/blog/questionsabouttelegramchannel.html]
[global-smm.com/blog/7ideasfortelegramchannelposts.html]
[global-smm.com/blog/whattopostontelegramtogetfollowers.html]
[global-smm.com/blog/mistakesintelegramchannelpromotion.html]
[cdn.mypanel.link/l1n66r/qryps5u023oyoprr.png]
[global-smm.com/blog/howtogetnon-dropinstagramfollowers.html]
[cdn.mypanel.link/l1n66r/i48klnrwppea01mb.png]
[global-smm.com/blog/6examplesofengagingstoriestogetmorefollowers.html]
[cdn.mypanel.link/l1n66r/aheylc8fl1ggwoe1.png]
[global-smm.com/blog/8stepstoincreasetelegramchannelmembers.html]
[cdn.mypanel.link/l1n66r/6o8mye2qkzdg0t9w.png]
[global-smm.com/blog/howtogrowtelegramchannelfastforabeginner.html]
[cdn.mypanel.link/l1n66r/6hesjnke0p1zpuyu.png]
[global-smm.com/blog/outdatedandworkingwaystogetmoretelegrammembers.html]
[cdn.mypanel.link/l1n66r/i62ugea9g31ejz1x.png]
[global-smm.com/blog/7creativeideasforatelegramchannel.html]
[cdn.mypanel.link/l1n66r/pglx61elq1sk0ur2.png]
[global-smm.com/blog/12ideasforatelegramchannel.html]
[cdn.mypanel.link/l1n66r/ml0qcm78qy1kt2nx.png]
[global-smm.com/blog/makeyouraudienceinteractoninstagram.html]
[cdn.mypanel.link/l1n66r/08gqgw4wbd8ycw98.png]
[global-smm.com/blog/howtocheatinstagramalgorithm.html]
[cdn.mypanel.link/l1n66r/t9jj3wmyn1kflj5r.png]
[global-smm.com/blog1c8b.html]
[global-smm.com/blog/before-you-buy-telegram-members.html]
[global-smm.com/blog/howtopromoteanaccountwithaninstagramsmmpanel.html]
[global-smm.com/blog/how-to-get-non-drop-followers-on-instagram]
[global-smm.com/blog/howtogetinstagramfollowersatacheapprice.html]
[global-smm.com/blog/7-myths-about-smm-panel-for-instagram]
[global-smm.com/blog/whensmmpanelforinstagramcanhelpyou.html]
[global-smm.com/blog/topideasforatelegramchannel.html]
[global-smm.com/blog/how-hashtags-can-help-you-get-more-followers]
[global-smm.com/blog/getmorefollowerswithaninstagramsmmpanel.html]
[global-smm.com/blog/get-more-members-with-one-post]
[global-smm.com/blog/what-to-post-on-telegram-to-get-followers]
[global-smm.com/blog/8trickstoincreasetelegramfollowers.html]
[global-smm.com/blog/gettelegramfollowersincreasewithrighttitles.html]
[global-smm.com/blog/improveengagementoninstagramwithsmmservices.html]
[global-smm.com/blog/9-tactics-to-get-more-followers-on-instagram]
[global-smm.com/blog/anewgrowthstrategyoninstagram.html]
[global-smm.com/blog/topideastogetmorefollowerswithalowbudget.html]
[global-smm.com/blog/howtoboostinstagrampost.html]
[cdn.mypanel.link/l1n66r/dboembu0d8dmecm9.png]
[global-smm.com/blog/trendinginstrumentsforinstagramin2023.html]
[cdn.mypanel.link/l1n66r/9jdxgbadzpq9qych.png]
[global-smm.com/blog/howtoimprovevisualcontentoninstagram.html]
[cdn.mypanel.link/l1n66r/bau1zgy0ix9gjhkx.png]
[global-smm.com/blog/howtogetbetteronsocialmediaandincreasefollowersoninstagram.html]
[cdn.mypanel.link/l1n66r/a8qkgjpmwt52bd6b.png]
[global-smm.com/blog/topmistakesinstories.html]
[cdn.mypanel.link/l1n66r/ey7nb3ocxwobam3n.png]
[global-smm.com/blog/mostprofitablenichesoninstagram.html]
[cdn.mypanel.link/l1n66r/wh84w9ixr3e167fm.png]
[global-smm.com/blog/5rulestoimproveyourinstagram.html]
[cdn.mypanel.link/l1n66r/sssz032tfoqallc8.png]
[global-smm.com/blog/howtogetmorefollowersoninstagramin2023.html]
[cdn.mypanel.link/l1n66r/7ztfajei9w9ydb4s.png]
[global-smm.com/blog/whygrowingwithoutsmmpanelisimpossible.html]
[cdn.mypanel.link/l1n66r/dihgae868zzzqzup.png]
[global-smm.com/blog/threetypesoffollowersoninstagram.html]
[cdn.mypanel.link/l1n66r/5cocrnm53lghha7q.png]
[global-smm.com/blogce37.html]
[global-smm.com/blog/which-methods-to-increase-telegram-members-work.html]
[global-smm.com/blog/6-methods-to-get-more-telegram-members.html]
[global-smm.com/blog/8-steps-to-increase-telegram-channel-members.html]
[global-smm.com/blog/7mistakesontelegramthatwontaddfollowers.html]
[global-smm.com/blog/whyinvestingintelegrampromotion.html]
[global-smm.com/blog/howtoincreasefollowersoninstagramwithinteractivegames.html]
[global-smm.com/blog/howtogetnon-dropfollowersoninstagram.html]
[global-smm.com/blog/5importantgrowthstrategies.html]
[global-smm.com/blog/growing-blog-from-zero-followers.1b6.delayed]
[global-smm.com/blog/howtoboostinstagramreach.html]
[global-smm.com/blog/getmorememberswithonepost.html]
[global-smm.com/blog/how-to-get-instagram-followers-at-a-cheap-price]
[global-smm.com/blog/7mythsaboutsmmpanelforinstagram.html]
[global-smm.com/blog/9beginningsforacatchypostoninstagram.html]
[global-smm.com/blog/howtoboostactivityoninstagram.html]
[global-smm.com/blog/dropofinstagramlikes.html]
[cdn.mypanel.link/l1n66r/x2qwdn9f6yuq8d41.png]
[global-smm.com/blog/beatadsandalgorithmswithinstagrampanel.html]
[cdn.mypanel.link/l1n66r/xujgm8sqsh1uhtpo.png]
[global-smm.com/blog/growingblogfromzerofollowers.html]
[cdn.mypanel.link/l1n66r/70ml433grm32e68p.png]
[global-smm.com/blog/5reasonswhyyouneedsmmservices.html]
[cdn.mypanel.link/l1n66r/6pq93emxd50uq7s1.png]
[global-smm.com/blog/organicgrowthvssmmservices.html]
[cdn.mypanel.link/l1n66r/mnqxdztz5n1wpj8h.png]
[global-smm.com/blog/whyusesmmpanelforsocialnetworks.html]
[cdn.mypanel.link/l1n66r/9edqjbsrjgyrzplt.png]
[global-smm.com/blog/improvingmainstatisticsonsocialnetworks.html]
[cdn.mypanel.link/l1n66r/ojk2hwddfj99in7t.png]
[global-smm.com/blog/howtosafelypromoteaccount.html]
[cdn.mypanel.link/l1n66r/pxzqsdd0u7zdf9w4.png]
[global-smm.com/blog/thebestsmmpaneltousein2022.html]
[cdn.mypanel.link/l1n66r/sy5yqj376ork5izw.png]
[global-smm.com/blog/howtousecheapsmmservices.html]
[cdn.mypanel.link/l1n66r/iix1k19x44tf7fct.png]
[global-smm.com/blog8c93.html]
[global-smm.com/blog/how-to-get-more-followers-on-instagram-with-stories.html]
[global-smm.com/blog/why-investing-in-telegram-promotion.html]
[global-smm.com/blog/most-profitable-niches-on-instagram.html]
[global-smm.com/blog/howtogetnon-dropinstagramfollowers.html]
[global-smm.com/blog/6examplesofengagingstoriestogetmorefollowers.html]
[global-smm.com/blog/8stepstoincreasetelegramchannelmembers.html]
[global-smm.com/blog/howtogrowtelegramchannelfastforabeginner.html]
[global-smm.com/blog/outdatedandworkingwaystogetmoretelegrammembers.html]
[global-smm.com/blog/7creativeideasforatelegramchannel.html]
[global-smm.com/blog/maintrendsofthisfalltogrowoninstagram.html]
[global-smm.com/blog/7-mistakes-on-telegram-that-wont-add-followers.1cc.delayed]
[global-smm.com/blog/12ideasforatelegramchannel.html]
[global-smm.com/blog/top-mistakes-in-stories]
[global-smm.com/blog/makeyouraudienceinteractoninstagram.html]
[global-smm.com/blog/howtocheatinstagramalgorithm.html]
[global-smm.com/blog/howtopromoteanaccountwithaninstagramsmmpanel.html]
[global-smm.com/blog/how-to-get-non-drop-followers-on-instagram.html]
[global-smm.com/blog/7-myths-about-smm-panel-for-instagram.html]
[global-smm.com/blog/how-hashtags-can-help-you-get-more-followers.html]
[global-smm.com/blog/get-more-members-with-one-post.html]
[global-smm.com/blog/what-to-post-on-telegram-to-get-followers.html]
[global-smm.com/blog/9-tactics-to-get-more-followers-on-instagram.html]
[global-smm.com/blog/trendinginstrumentsforinstagramin2023.html]
[global-smm.com/blog/howtoimprovevisualcontentoninstagram.html]
[global-smm.com/blog/howtogetbetteronsocialmediaandincreasefollowersoninstagram.html]
[global-smm.com/blog/topmistakesinstories.html]
[global-smm.com/blog/mostprofitablenichesoninstagram.html]
[global-smm.com/blog/5rulestoimproveyourinstagram.html]
[global-smm.com/blog/five-upcoming-instagram-trends-in-2023]
[global-smm.com/blog/howtogetmorefollowersoninstagramin2023.html]
[global-smm.com/blog/whygrowingwithoutsmmpanelisimpossible.html]
[global-smm.com/blog/threetypesoffollowersoninstagram.html]
[global-smm.com/blog/5importantgrowthstrategies.html]
[global-smm.com/blog/growing-blog-from-zero-followers.html]
[global-smm.com/blog/how-to-get-instagram-followers-at-a-cheap-price.html]
[global-smm.com/blog/beatadsandalgorithmswithinstagrampanel.html]
[global-smm.com/blog/growingblogfromzerofollowers.html]
[global-smm.com/blog/5reasonswhyyouneedsmmservices.html]
[global-smm.com/blog/organicgrowthvssmmservices.html]
[global-smm.com/blog/whyusesmmpanelforsocialnetworks.html]
[global-smm.com/blog/improvingmainstatisticsonsocialnetworks.html]
[global-smm.com/blog/howtosafelypromoteaccount.html]
[global-smm.com/blog/how-to-grow-on-instagram-in-2022]
[global-smm.com/blog/thebestsmmpaneltousein2022.html]
[global-smm.com/blog/howtousecheapsmmservices.html]
[global-smm.com/blog/maintrendsofthisfalltogrowoninstagram.html]
[global-smm.com/blog/7-mistakes-on-telegram-that-wont-add-followers.html]
[global-smm.com/blog/top-mistakes-in-stories.html]
[global-smm.com/blog/five-upcoming-instagram-trends-in-2023.html]
[global-smm.com/blog/how-to-grow-on-instagram-in-2022.html]
